../Core/Src/main.c:53:6:HAL_ADC_ConvCpltCallback	16	static
../Core/Src/main.c:104:6:microDelay	16	static
../Core/Src/main.c:113:6:sendTwilioSMS	296	static
../Core/Src/main.c:127:9:DHT11_Start	32	static
../Core/Src/main.c:158:9:DHT11_Read	16	static
../Core/Src/main.c:184:9:DHT11	16	static
../Core/Src/main.c:205:9:VibrationSensor	8	static
../Core/Src/main.c:221:9:WaterSensor	8	static
../Core/Src/main.c:236:5:main	8	static
../Core/Src/main.c:301:6:SystemClock_Config	88	static
../Core/Src/main.c:348:13:MX_ADC1_Init	24	static
../Core/Src/main.c:400:13:MX_TIM1_Init	32	static
../Core/Src/main.c:446:13:MX_USART1_UART_Init	8	static
../Core/Src/main.c:479:13:MX_USART2_UART_Init	8	static
../Core/Src/main.c:512:13:MX_GPIO_Init	48	static
../Core/Src/main.c:558:6:Error_Handler	4	static,ignoring_inline_asm
